[
  {
    "ExternalId": "HD-1001",
    "Name": "Pat Taylor",
    "Phone": "000-000-0000",
    "City": "Austin",
    "State": "TX",
    "PostalCode": "78701",
    "Stage": "In Progress"
  },
  {
    "ExternalId": "HD-1002",
    "Name": "Riley Drew",
    "Phone": "512-555-1234",
    "City": "Dallas",
    "State": "TX",
    "PostalCode": "75201",
    "Stage": "Completed"
  }
]
